// Jest Snapshot v1, https://goo.gl/fbAQLP

exports[`$1 renders correctly 1`] = `
<View
  style={
    Object {
      "flex": 1,
      "height": 1334,
    }
  }
  virtual={undefined}
/>
`;
